


**** Result ****


0 examples, 0 failures
